// Jest Snapshot v1, https://goo.gl/fbAQLP

exports[`Storyshots NoteAppBar Default 1`] = `
Array [
  <div
    style={
      Object {
        "position": "relative",
        "zIndex": 0,
      }
    }
  >
    <header
      className="MuiPaper-root MuiAppBar-root MuiAppBar-positionStatic MuiAppBar-colorPrimary MuiPaper-elevation4"
    >
      <div
        className="MuiToolbar-root MuiToolbar-regular MuiToolbar-gutters"
      >
        <h6
          className="MuiTypography-root makeStyles-title-1 MuiTypography-h6 MuiTypography-noWrap"
        >
          <a
            href="/"
            onClick={[Function]}
          >
            Jack
            's Notes
          </a>
        </h6>
        <div
          className="makeStyles-search-2"
        >
          <div
            className="makeStyles-searchIcon-3"
          >
            <svg
              aria-hidden="true"
              className="MuiSvgIcon-root"
              focusable="false"
              role="presentation"
              viewBox="0 0 24 24"
            >
              <path
                d="M15.5 14h-.79l-.28-.27C15.41 12.59 16 11.11 16 9.5 16 5.91 13.09 3 9.5 3S3 5.91 3 9.5 5.91 16 9.5 16c1.61 0 3.09-.59 4.23-1.57l.27.28v.79l5 4.99L20.49 19l-4.99-5zm-6 0C7.01 14 5 11.99 5 9.5S7.01 5 9.5 5 14 7.01 14 9.5 11.99 14 9.5 14z"
              />
            </svg>
          </div>
          <div
            className="MuiInputBase-root makeStyles-inputRoot-4"
            onClick={[Function]}
          >
            <input
              aria-label="search"
              className="MuiInputBase-input makeStyles-inputInput-5"
              onAnimationStart={[Function]}
              onBlur={[Function]}
              onChange={[Function]}
              onFocus={[Function]}
              placeholder="Searchâ€¦"
              type="text"
            />
          </div>
        </div>
        <a
          href="/new"
          onClick={[Function]}
        >
          <button
            aria-label="display add actions"
            className="MuiButtonBase-root MuiIconButton-root MuiIconButton-colorInherit MuiIconButton-edgeEnd"
            disabled={false}
            onBlur={[Function]}
            onDragLeave={[Function]}
            onFocus={[Function]}
            onKeyDown={[Function]}
            onKeyUp={[Function]}
            onMouseDown={[Function]}
            onMouseLeave={[Function]}
            onMouseUp={[Function]}
            onTouchEnd={[Function]}
            onTouchMove={[Function]}
            onTouchStart={[Function]}
            tabIndex={0}
            type="button"
          >
            <span
              className="MuiIconButton-label"
            >
              <svg
                aria-hidden="true"
                className="MuiSvgIcon-root"
                focusable="false"
                role="presentation"
                viewBox="0 0 24 24"
              >
                <path
                  d="M19 13h-6v6h-2v-6H5v-2h6V5h2v6h6v2z"
                />
              </svg>
            </span>
          </button>
        </a>
      </div>
    </header>
  </div>,
  <button
    className="info__show-button"
    onClick={[Function]}
    style={
      Object {
        "background": "#027ac5",
        "border": "none",
        "borderRadius": "0 0 0 5px",
        "color": "#fff",
        "cursor": "pointer",
        "display": "block",
        "fontFamily": "sans-serif",
        "fontSize": 12,
        "padding": "5px 15px",
        "position": "fixed",
        "right": 0,
        "top": 0,
      }
    }
    type="button"
  >
    Show Info
  </button>,
]
`;
